OpenJDK 64-Bit Server VM (25.292-b10) for linux-amd64 JRE (1.8.0_292-8u292-b10-0ubuntu1~16.04.1-b10), built on Apr 21 2021 12:47:35 by "buildd" with gcc 5.4.0 20160609
Memory: 4k page, physical 9670572k(6732008k free), swap 3145728k(3145728k free)
CommandLine flags: -XX:+ExplicitGCInvokesConcurrent -XX:GCLogFileSize=104857600 -XX:InitialHeapSize=1073741824 -XX:InitiatingHeapOccupancyPercent=35 -XX:+ManagementServer -XX:MaxGCPauseMillis=20 -XX:MaxHeapSize=1073741824 -XX:MaxInlineLevel=15 -XX:NumberOfGCLogFiles=10 -XX:+PrintGC -XX:+PrintGCDateStamps -XX:+PrintGCDetails -XX:+PrintGCTimeStamps -XX:+UseCompressedClassPointers -XX:+UseCompressedOops -XX:+UseG1GC -XX:+UseGCLogFileRotation 
2023-04-12T22:35:25.347+0700: 1.893: [GC pause (G1 Evacuation Pause) (young), 0.0098677 secs]
   [Parallel Time: 6.6 ms, GC Workers: 4]
      [GC Worker Start (ms): Min: 1893.1, Avg: 1893.5, Max: 1894.6, Diff: 1.5]
      [Ext Root Scanning (ms): Min: 0.0, Avg: 0.5, Max: 1.1, Diff: 1.1, Sum: 2.0]
      [Update RS (ms): Min: 0.0, Avg: 0.0, Max: 0.0, Diff: 0.0, Sum: 0.0]
         [Processed Buffers: Min: 0, Avg: 0.0, Max: 0, Diff: 0, Sum: 0]
      [Scan RS (ms): Min: 0.0, Avg: 0.0, Max: 0.0, Diff: 0.0, Sum: 0.1]
      [Code Root Scanning (ms): Min: 0.0, Avg: 0.2, Max: 0.4, Diff: 0.4, Sum: 0.7]
      [Object Copy (ms): Min: 4.9, Avg: 5.3, Max: 5.7, Diff: 0.8, Sum: 21.3]
      [Termination (ms): Min: 0.0, Avg: 0.0, Max: 0.0, Diff: 0.0, Sum: 0.0]
         [Termination Attempts: Min: 1, Avg: 2.5, Max: 5, Diff: 4, Sum: 10]
      [GC Worker Other (ms): Min: 0.0, Avg: 0.0, Max: 0.0, Diff: 0.0, Sum: 0.1]
      [GC Worker Total (ms): Min: 4.9, Avg: 6.1, Max: 6.5, Diff: 1.5, Sum: 24.2]
      [GC Worker End (ms): Min: 1899.6, Avg: 1899.6, Max: 1899.6, Diff: 0.0]
   [Code Root Fixup: 0.0 ms]
   [Code Root Purge: 0.0 ms]
   [Clear CT: 0.4 ms]
   [Other: 2.8 ms]
      [Choose CSet: 0.0 ms]
      [Ref Proc: 2.2 ms]
      [Ref Enq: 0.0 ms]
      [Redirty Cards: 0.4 ms]
      [Humongous Register: 0.0 ms]
      [Humongous Reclaim: 0.0 ms]
      [Free CSet: 0.1 ms]
   [Eden: 52224.0K(52224.0K)->0.0B(45056.0K) Survivors: 0.0B->7168.0K Heap: 52224.0K(1024.0M)->8721.5K(1024.0M)]
 [Times: user=0.03 sys=0.01, real=0.01 secs] 
2023-04-12T22:35:26.147+0700: 2.693: [GC pause (Metadata GC Threshold) (young) (initial-mark), 0.0078029 secs]
   [Parallel Time: 5.5 ms, GC Workers: 4]
      [GC Worker Start (ms): Min: 2692.9, Avg: 2693.0, Max: 2693.0, Diff: 0.1]
      [Ext Root Scanning (ms): Min: 0.8, Avg: 1.3, Max: 1.6, Diff: 0.9, Sum: 5.1]
      [Update RS (ms): Min: 0.0, Avg: 0.0, Max: 0.1, Diff: 0.1, Sum: 0.2]
         [Processed Buffers: Min: 0, Avg: 0.2, Max: 1, Diff: 1, Sum: 1]
      [Scan RS (ms): Min: 0.0, Avg: 0.0, Max: 0.0, Diff: 0.0, Sum: 0.0]
      [Code Root Scanning (ms): Min: 0.0, Avg: 0.2, Max: 0.8, Diff: 0.8, Sum: 0.8]
      [Object Copy (ms): Min: 3.3, Avg: 3.8, Max: 4.5, Diff: 1.3, Sum: 15.0]
      [Termination (ms): Min: 0.0, Avg: 0.0, Max: 0.0, Diff: 0.0, Sum: 0.0]
         [Termination Attempts: Min: 1, Avg: 1.0, Max: 1, Diff: 0, Sum: 4]
      [GC Worker Other (ms): Min: 0.0, Avg: 0.0, Max: 0.0, Diff: 0.0, Sum: 0.1]
      [GC Worker Total (ms): Min: 5.3, Avg: 5.3, Max: 5.4, Diff: 0.1, Sum: 21.2]
      [GC Worker End (ms): Min: 2698.3, Avg: 2698.3, Max: 2698.3, Diff: 0.0]
   [Code Root Fixup: 0.0 ms]
   [Code Root Purge: 0.0 ms]
   [Clear CT: 0.4 ms]
   [Other: 1.8 ms]
      [Choose CSet: 0.0 ms]
      [Ref Proc: 1.2 ms]
      [Ref Enq: 0.0 ms]
      [Redirty Cards: 0.3 ms]
      [Humongous Register: 0.0 ms]
      [Humongous Reclaim: 0.0 ms]
      [Free CSet: 0.1 ms]
   [Eden: 24576.0K(45056.0K)->0.0B(47104.0K) Survivors: 7168.0K->5120.0K Heap: 33297.5K(1024.0M)->10615.0K(1024.0M)]
 [Times: user=0.01 sys=0.02, real=0.01 secs] 
2023-04-12T22:35:26.156+0700: 2.702: [GC concurrent-root-region-scan-start]
2023-04-12T22:35:26.157+0700: 2.703: [GC concurrent-root-region-scan-end, 0.0010964 secs]
2023-04-12T22:35:26.157+0700: 2.703: [GC concurrent-mark-start]
2023-04-12T22:35:26.165+0700: 2.711: [GC concurrent-mark-end, 0.0075062 secs]
2023-04-12T22:35:26.165+0700: 2.711: [GC remark 2023-04-12T22:35:26.165+0700: 2.711: [Finalize Marking, 0.0005352 secs] 2023-04-12T22:35:26.166+0700: 2.712: [GC ref-proc, 0.0005322 secs] 2023-04-12T22:35:26.167+0700: 2.713: [Unloading, 0.0031671 secs], 0.0056019 secs]
 [Times: user=0.01 sys=0.00, real=0.00 secs] 
2023-04-12T22:35:26.171+0700: 2.717: [GC cleanup 11126K->10102K(1024M), 0.0021156 secs]
 [Times: user=0.00 sys=0.00, real=0.00 secs] 
2023-04-12T22:35:26.174+0700: 2.720: [GC concurrent-cleanup-start]
2023-04-12T22:35:26.174+0700: 2.720: [GC concurrent-cleanup-end, 0.0000208 secs]
2023-04-12T22:35:27.501+0700: 4.047: [GC pause (G1 Evacuation Pause) (young), 0.0064467 secs]
   [Parallel Time: 3.5 ms, GC Workers: 4]
      [GC Worker Start (ms): Min: 4047.0, Avg: 4047.1, Max: 4047.3, Diff: 0.2]
      [Ext Root Scanning (ms): Min: 0.5, Avg: 0.9, Max: 1.4, Diff: 0.9, Sum: 3.4]
      [Update RS (ms): Min: 0.0, Avg: 0.3, Max: 0.6, Diff: 0.6, Sum: 1.1]
         [Processed Buffers: Min: 0, Avg: 4.0, Max: 10, Diff: 10, Sum: 16]
      [Scan RS (ms): Min: 0.0, Avg: 0.1, Max: 0.2, Diff: 0.2, Sum: 0.5]
      [Code Root Scanning (ms): Min: 0.0, Avg: 0.1, Max: 0.1, Diff: 0.1, Sum: 0.2]
      [Object Copy (ms): Min: 1.9, Avg: 2.0, Max: 2.1, Diff: 0.2, Sum: 7.9]
      [Termination (ms): Min: 0.0, Avg: 0.0, Max: 0.0, Diff: 0.0, Sum: 0.0]
         [Termination Attempts: Min: 1, Avg: 1.0, Max: 1, Diff: 0, Sum: 4]
      [GC Worker Other (ms): Min: 0.0, Avg: 0.0, Max: 0.0, Diff: 0.0, Sum: 0.1]
      [GC Worker Total (ms): Min: 3.2, Avg: 3.3, Max: 3.4, Diff: 0.2, Sum: 13.2]
      [GC Worker End (ms): Min: 4050.4, Avg: 4050.4, Max: 4050.4, Diff: 0.0]
   [Code Root Fixup: 0.0 ms]
   [Code Root Purge: 0.0 ms]
   [Clear CT: 0.4 ms]
   [Other: 2.5 ms]
      [Choose CSet: 0.0 ms]
      [Ref Proc: 1.9 ms]
      [Ref Enq: 0.0 ms]
      [Redirty Cards: 0.4 ms]
      [Humongous Register: 0.0 ms]
      [Humongous Reclaim: 0.0 ms]
      [Free CSet: 0.0 ms]
   [Eden: 47104.0K(47104.0K)->0.0B(45056.0K) Survivors: 5120.0K->7168.0K Heap: 183.4M(1024.0M)->141.5M(1024.0M)]
 [Times: user=0.02 sys=0.00, real=0.01 secs] 
2023-04-12T22:35:28.531+0700: 5.077: [GC pause (G1 Evacuation Pause) (young), 0.0147721 secs]
   [Parallel Time: 9.9 ms, GC Workers: 4]
      [GC Worker Start (ms): Min: 5077.7, Avg: 5077.7, Max: 5077.8, Diff: 0.1]
      [Ext Root Scanning (ms): Min: 0.3, Avg: 0.8, Max: 1.4, Diff: 1.1, Sum: 3.3]
      [Update RS (ms): Min: 0.0, Avg: 0.3, Max: 0.5, Diff: 0.5, Sum: 1.1]
         [Processed Buffers: Min: 0, Avg: 3.2, Max: 5, Diff: 5, Sum: 13]
      [Scan RS (ms): Min: 0.0, Avg: 0.1, Max: 0.2, Diff: 0.2, Sum: 0.4]
      [Code Root Scanning (ms): Min: 0.0, Avg: 0.1, Max: 0.3, Diff: 0.3, Sum: 0.5]
      [Object Copy (ms): Min: 7.4, Avg: 8.0, Max: 8.9, Diff: 1.5, Sum: 32.0]
      [Termination (ms): Min: 0.0, Avg: 0.4, Max: 0.5, Diff: 0.5, Sum: 1.5]
         [Termination Attempts: Min: 1, Avg: 5.5, Max: 13, Diff: 12, Sum: 22]
      [GC Worker Other (ms): Min: 0.0, Avg: 0.0, Max: 0.0, Diff: 0.0, Sum: 0.1]
      [GC Worker Total (ms): Min: 9.6, Avg: 9.7, Max: 9.8, Diff: 0.1, Sum: 38.8]
      [GC Worker End (ms): Min: 5087.4, Avg: 5087.4, Max: 5087.5, Diff: 0.0]
   [Code Root Fixup: 0.0 ms]
   [Code Root Purge: 0.0 ms]
   [Clear CT: 0.2 ms]
   [Other: 4.6 ms]
      [Choose CSet: 0.0 ms]
      [Ref Proc: 2.5 ms]
      [Ref Enq: 0.0 ms]
      [Redirty Cards: 1.6 ms]
      [Humongous Register: 0.1 ms]
      [Humongous Reclaim: 0.0 ms]
      [Free CSet: 0.0 ms]
   [Eden: 45056.0K(45056.0K)->0.0B(45056.0K) Survivors: 7168.0K->7168.0K Heap: 185.5M(1024.0M)->145.0M(1024.0M)]
 [Times: user=0.03 sys=0.01, real=0.02 secs] 
2023-04-12T22:35:28.824+0700: 5.370: [GC pause (Metadata GC Threshold) (young) (initial-mark), 0.0182182 secs]
   [Parallel Time: 16.7 ms, GC Workers: 4]
      [GC Worker Start (ms): Min: 5370.2, Avg: 5371.9, Max: 5373.4, Diff: 3.2]
      [Ext Root Scanning (ms): Min: 2.2, Avg: 3.0, Max: 3.8, Diff: 1.5, Sum: 11.9]
      [Update RS (ms): Min: 0.0, Avg: 1.9, Max: 4.1, Diff: 4.1, Sum: 7.6]
         [Processed Buffers: Min: 0, Avg: 4.5, Max: 12, Diff: 12, Sum: 18]
      [Scan RS (ms): Min: 0.0, Avg: 0.1, Max: 0.2, Diff: 0.2, Sum: 0.4]
      [Code Root Scanning (ms): Min: 0.0, Avg: 1.9, Max: 5.5, Diff: 5.5, Sum: 7.8]
      [Object Copy (ms): Min: 4.8, Avg: 7.1, Max: 8.7, Diff: 3.9, Sum: 28.2]
      [Termination (ms): Min: 0.0, Avg: 0.6, Max: 1.2, Diff: 1.2, Sum: 2.6]
         [Termination Attempts: Min: 1, Avg: 1.8, Max: 3, Diff: 2, Sum: 7]
      [GC Worker Other (ms): Min: 0.0, Avg: 0.0, Max: 0.0, Diff: 0.0, Sum: 0.1]
      [GC Worker Total (ms): Min: 13.1, Avg: 14.6, Max: 16.3, Diff: 3.2, Sum: 58.6]
      [GC Worker End (ms): Min: 5386.5, Avg: 5386.5, Max: 5386.6, Diff: 0.1]
   [Code Root Fixup: 0.0 ms]
   [Code Root Purge: 0.0 ms]
   [Clear CT: 0.3 ms]
   [Other: 1.3 ms]
      [Choose CSet: 0.0 ms]
      [Ref Proc: 0.7 ms]
      [Ref Enq: 0.0 ms]
      [Redirty Cards: 0.2 ms]
      [Humongous Register: 0.0 ms]
      [Humongous Reclaim: 0.0 ms]
      [Free CSet: 0.0 ms]
   [Eden: 11264.0K(45056.0K)->0.0B(46080.0K) Survivors: 7168.0K->6144.0K Heap: 155.1M(1024.0M)->147.3M(1024.0M)]
 [Times: user=0.07 sys=0.00, real=0.01 secs] 
2023-04-12T22:35:28.843+0700: 5.389: [GC concurrent-root-region-scan-start]
2023-04-12T22:35:28.851+0700: 5.397: [GC concurrent-root-region-scan-end, 0.0083292 secs]
2023-04-12T22:35:28.851+0700: 5.397: [GC concurrent-mark-start]
2023-04-12T22:35:28.870+0700: 5.416: [GC concurrent-mark-end, 0.0183677 secs]
2023-04-12T22:35:28.870+0700: 5.416: [GC remark 2023-04-12T22:35:28.870+0700: 5.416: [Finalize Marking, 0.0004370 secs] 2023-04-12T22:35:28.871+0700: 5.417: [GC ref-proc, 0.0006118 secs] 2023-04-12T22:35:28.871+0700: 5.417: [Unloading, 0.0053037 secs], 0.0098306 secs]
 [Times: user=0.02 sys=0.00, real=0.01 secs] 
2023-04-12T22:35:28.881+0700: 5.427: [GC cleanup 148M->143M(1024M), 0.0018182 secs]
 [Times: user=0.00 sys=0.00, real=0.00 secs] 
2023-04-12T22:35:28.883+0700: 5.429: [GC concurrent-cleanup-start]
2023-04-12T22:35:28.883+0700: 5.429: [GC concurrent-cleanup-end, 0.0000248 secs]
2023-04-12T22:42:12.114+0700: 408.660: [GC pause (G1 Evacuation Pause) (young) (initial-mark), 0.0326382 secs]
   [Parallel Time: 26.0 ms, GC Workers: 4]
      [GC Worker Start (ms): Min: 408662.0, Avg: 408662.3, Max: 408662.5, Diff: 0.5]
      [Ext Root Scanning (ms): Min: 4.3, Avg: 4.7, Max: 5.3, Diff: 1.0, Sum: 18.6]
      [Update RS (ms): Min: 3.1, Avg: 3.3, Max: 3.7, Diff: 0.6, Sum: 13.4]
         [Processed Buffers: Min: 2, Avg: 9.5, Max: 20, Diff: 18, Sum: 38]
      [Scan RS (ms): Min: 0.5, Avg: 0.8, Max: 0.9, Diff: 0.4, Sum: 3.0]
      [Code Root Scanning (ms): Min: 0.0, Avg: 0.5, Max: 1.6, Diff: 1.6, Sum: 1.8]
      [Object Copy (ms): Min: 14.8, Avg: 15.4, Max: 16.1, Diff: 1.3, Sum: 61.5]
      [Termination (ms): Min: 0.0, Avg: 0.0, Max: 0.0, Diff: 0.0, Sum: 0.0]
         [Termination Attempts: Min: 1, Avg: 1.8, Max: 2, Diff: 1, Sum: 7]
      [GC Worker Other (ms): Min: 0.1, Avg: 0.1, Max: 0.1, Diff: 0.0, Sum: 0.2]
      [GC Worker Total (ms): Min: 24.4, Avg: 24.7, Max: 24.9, Diff: 0.5, Sum: 98.6]
      [GC Worker End (ms): Min: 408686.9, Avg: 408686.9, Max: 408686.9, Diff: 0.0]
   [Code Root Fixup: 0.0 ms]
   [Code Root Purge: 0.0 ms]
   [Clear CT: 1.0 ms]
   [Other: 5.6 ms]
      [Choose CSet: 0.0 ms]
      [Ref Proc: 3.2 ms]
      [Ref Enq: 0.1 ms]
      [Redirty Cards: 0.9 ms]
      [Humongous Register: 0.0 ms]
      [Humongous Reclaim: 0.0 ms]
      [Free CSet: 0.1 ms]
   [Eden: 46080.0K(46080.0K)->0.0B(46080.0K) Survivors: 6144.0K->6144.0K Heap: 187.3M(1024.0M)->146.5M(1024.0M)]
 [Times: user=0.11 sys=0.00, real=0.03 secs] 
2023-04-12T22:42:12.150+0700: 408.696: [GC concurrent-root-region-scan-start]
2023-04-12T22:42:12.159+0700: 408.705: [GC concurrent-root-region-scan-end, 0.0091080 secs]
2023-04-12T22:42:12.159+0700: 408.705: [GC concurrent-mark-start]
2023-04-12T22:42:12.187+0700: 408.733: [GC concurrent-mark-end, 0.0281162 secs]
2023-04-12T22:42:12.187+0700: 408.733: [GC remark 2023-04-12T22:42:12.188+0700: 408.734: [Finalize Marking, 0.0006991 secs] 2023-04-12T22:42:12.189+0700: 408.735: [GC ref-proc, 0.0010553 secs] 2023-04-12T22:42:12.190+0700: 408.736: [Unloading, 0.0064762 secs], 0.0111654 secs]
 [Times: user=0.03 sys=0.00, real=0.01 secs] 
2023-04-12T22:42:12.199+0700: 408.745: [GC cleanup 146M->146M(1024M), 0.0021567 secs]
 [Times: user=0.00 sys=0.00, real=0.00 secs] 
2023-04-12T23:31:18.102+0700: 3354.648: [GC pause (G1 Evacuation Pause) (young), 0.0222971 secs]
   [Parallel Time: 17.9 ms, GC Workers: 4]
      [GC Worker Start (ms): Min: 3354649.3, Avg: 3354649.7, Max: 3354649.9, Diff: 0.6]
      [Ext Root Scanning (ms): Min: 1.3, Avg: 3.4, Max: 9.1, Diff: 7.8, Sum: 13.5]
      [Update RS (ms): Min: 0.0, Avg: 0.4, Max: 1.2, Diff: 1.2, Sum: 1.6]
         [Processed Buffers: Min: 0, Avg: 4.5, Max: 6, Diff: 6, Sum: 18]
      [Scan RS (ms): Min: 0.0, Avg: 0.9, Max: 1.6, Diff: 1.6, Sum: 3.8]
      [Code Root Scanning (ms): Min: 0.0, Avg: 0.2, Max: 0.6, Diff: 0.6, Sum: 1.0]
      [Object Copy (ms): Min: 8.2, Avg: 12.0, Max: 13.5, Diff: 5.3, Sum: 47.9]
      [Termination (ms): Min: 0.0, Avg: 0.0, Max: 0.0, Diff: 0.0, Sum: 0.0]
         [Termination Attempts: Min: 2, Avg: 2.2, Max: 3, Diff: 1, Sum: 9]
      [GC Worker Other (ms): Min: 0.0, Avg: 0.1, Max: 0.2, Diff: 0.1, Sum: 0.3]
      [GC Worker Total (ms): Min: 16.8, Avg: 17.0, Max: 17.3, Diff: 0.6, Sum: 68.0]
      [GC Worker End (ms): Min: 3354666.7, Avg: 3354666.7, Max: 3354666.7, Diff: 0.0]
   [Code Root Fixup: 0.0 ms]
   [Code Root Purge: 0.0 ms]
   [Clear CT: 0.4 ms]
   [Other: 4.0 ms]
      [Choose CSet: 0.0 ms]
      [Ref Proc: 1.5 ms]
      [Ref Enq: 0.0 ms]
      [Redirty Cards: 0.3 ms]
      [Humongous Register: 0.3 ms]
      [Humongous Reclaim: 0.1 ms]
      [Free CSet: 0.6 ms]
   [Eden: 46080.0K(46080.0K)->0.0B(48128.0K) Survivors: 6144.0K->4096.0K Heap: 191.5M(1024.0M)->144.5M(1024.0M)]
 [Times: user=0.07 sys=0.01, real=0.03 secs] 
Heap
 garbage-first heap   total 1048576K, used 150007K [0x00000000c0000000, 0x00000000c0102000, 0x0000000100000000)
  region size 1024K, 7 young (7168K), 4 survivors (4096K)
 Metaspace       used 41611K, capacity 45925K, committed 46208K, reserved 1089536K
  class space    used 5212K, capacity 5678K, committed 5760K, reserved 1048576K
