OpenJDK 64-Bit Server VM (25.292-b10) for linux-amd64 JRE (1.8.0_292-8u292-b10-0ubuntu1~16.04.1-b10), built on Apr 21 2021 12:47:35 by "buildd" with gcc 5.4.0 20160609
Memory: 4k page, physical 9670572k(6813852k free), swap 3145728k(3145728k free)
CommandLine flags: -XX:+ExplicitGCInvokesConcurrent -XX:GCLogFileSize=104857600 -XX:InitialHeapSize=536870912 -XX:InitiatingHeapOccupancyPercent=35 -XX:+ManagementServer -XX:MaxGCPauseMillis=20 -XX:MaxHeapSize=536870912 -XX:MaxInlineLevel=15 -XX:NumberOfGCLogFiles=10 -XX:+PrintGC -XX:+PrintGCDateStamps -XX:+PrintGCDetails -XX:+PrintGCTimeStamps -XX:+UseCompressedClassPointers -XX:+UseCompressedOops -XX:+UseG1GC -XX:+UseGCLogFileRotation 
2023-04-12T22:34:16.944+0700: 1.933: [GC pause (G1 Evacuation Pause) (young), 0.0076264 secs]
   [Parallel Time: 4.9 ms, GC Workers: 4]
      [GC Worker Start (ms): Min: 1933.0, Avg: 1933.0, Max: 1933.0, Diff: 0.1]
      [Ext Root Scanning (ms): Min: 0.4, Avg: 0.6, Max: 0.9, Diff: 0.5, Sum: 2.2]
      [Update RS (ms): Min: 0.0, Avg: 0.0, Max: 0.0, Diff: 0.0, Sum: 0.0]
         [Processed Buffers: Min: 0, Avg: 0.0, Max: 0, Diff: 0, Sum: 0]
      [Scan RS (ms): Min: 0.0, Avg: 0.0, Max: 0.0, Diff: 0.0, Sum: 0.0]
      [Code Root Scanning (ms): Min: 0.0, Avg: 0.1, Max: 0.3, Diff: 0.3, Sum: 0.5]
      [Object Copy (ms): Min: 3.9, Avg: 4.1, Max: 4.3, Diff: 0.5, Sum: 16.3]
      [Termination (ms): Min: 0.0, Avg: 0.0, Max: 0.0, Diff: 0.0, Sum: 0.0]
         [Termination Attempts: Min: 1, Avg: 2.5, Max: 4, Diff: 3, Sum: 10]
      [GC Worker Other (ms): Min: 0.0, Avg: 0.0, Max: 0.1, Diff: 0.0, Sum: 0.1]
      [GC Worker Total (ms): Min: 4.8, Avg: 4.8, Max: 4.9, Diff: 0.1, Sum: 19.2]
      [GC Worker End (ms): Min: 1937.8, Avg: 1937.8, Max: 1937.8, Diff: 0.0]
   [Code Root Fixup: 0.1 ms]
   [Code Root Purge: 0.0 ms]
   [Clear CT: 0.9 ms]
   [Other: 1.7 ms]
      [Choose CSet: 0.0 ms]
      [Ref Proc: 1.0 ms]
      [Ref Enq: 0.0 ms]
      [Redirty Cards: 0.4 ms]
      [Humongous Register: 0.0 ms]
      [Humongous Reclaim: 0.0 ms]
      [Free CSet: 0.1 ms]
   [Eden: 25600.0K(25600.0K)->0.0B(21504.0K) Survivors: 0.0B->4096.0K Heap: 25600.0K(512.0M)->5153.5K(512.0M)]
 [Times: user=0.02 sys=0.00, real=0.01 secs] 
Heap
 garbage-first heap   total 524288K, used 19489K [0x00000000e0000000, 0x00000000e0101000, 0x0000000100000000)
  region size 1024K, 19 young (19456K), 4 survivors (4096K)
 Metaspace       used 12219K, capacity 12546K, committed 12800K, reserved 1060864K
  class space    used 1397K, capacity 1467K, committed 1536K, reserved 1048576K
